// Jest Snapshot v1, https://goo.gl/fbAQLP

exports[`InputView behavior initialize with number value and type preserved after render 1`] = `"<div class=\\"form-group\\"><label data-hook=\\"label\\" for=\\"form_field_position\\" data-anddom-display=\\"\\" data-anddom-hidden=\\"true\\" style=\\"display: none;\\"></label><input class=\\"form-control\\" value=\\"1\\" name=\\"position\\" type=\\"number\\" tabindex=\\"0\\" id=\\"form_field_position\\" placeholder=\\"\\"><div data-hook=\\"message-container\\" class=\\"message message-below message-error\\" data-anddom-display=\\"\\" data-anddom-hidden=\\"true\\" style=\\"display: none;\\"><p data-hook=\\"message-text\\"></p></div></div>"`;
